:: loading settings :: url = jar:file:/opt/spark/jars/ivy-2.5.0.jar!/org/apache/ivy/core/settings/ivysettings.xml
Ivy Default Cache set to: /root/.ivy2/cache
The jars for the packages stored in: /root/.ivy2/jars
org.apache.spark#spark-sql-kafka-0-10_2.12 added as a dependency
:: resolving dependencies :: org.apache.spark#spark-submit-parent-2649b146-c5ac-4bac-a71a-90f4a2bffd4c;1.0
	confs: [default]
	found org.apache.spark#spark-sql-kafka-0-10_2.12;3.3.0 in central
	found org.apache.spark#spark-token-provider-kafka-0-10_2.12;3.3.0 in central
	found org.apache.kafka#kafka-clients;2.8.1 in central
	found org.lz4#lz4-java;1.8.0 in central
	found org.xerial.snappy#snappy-java;1.1.8.4 in central
	found org.slf4j#slf4j-api;1.7.32 in central
	found org.apache.hadoop#hadoop-client-runtime;3.3.2 in central
	found org.spark-project.spark#unused;1.0.0 in central
	found org.apache.hadoop#hadoop-client-api;3.3.2 in central
	found commons-logging#commons-logging;1.1.3 in central
	found com.google.code.findbugs#jsr305;3.0.0 in central
	found org.apache.commons#commons-pool2;2.11.1 in central
:: resolution report :: resolve 1973ms :: artifacts dl 87ms
	:: modules in use:
	com.google.code.findbugs#jsr305;3.0.0 from central in [default]
	commons-logging#commons-logging;1.1.3 from central in [default]
	org.apache.commons#commons-pool2;2.11.1 from central in [default]
	org.apache.hadoop#hadoop-client-api;3.3.2 from central in [default]
	org.apache.hadoop#hadoop-client-runtime;3.3.2 from central in [default]
	org.apache.kafka#kafka-clients;2.8.1 from central in [default]
	org.apache.spark#spark-sql-kafka-0-10_2.12;3.3.0 from central in [default]
	org.apache.spark#spark-token-provider-kafka-0-10_2.12;3.3.0 from central in [default]
	org.lz4#lz4-java;1.8.0 from central in [default]
	org.slf4j#slf4j-api;1.7.32 from central in [default]
	org.spark-project.spark#unused;1.0.0 from central in [default]
	org.xerial.snappy#snappy-java;1.1.8.4 from central in [default]
	---------------------------------------------------------------------
	|                  |            modules            ||   artifacts   |
	|       conf       | number| search|dwnlded|evicted|| number|dwnlded|
	---------------------------------------------------------------------
	|      default     |   12  |   0   |   0   |   0   ||   12  |   0   |
	---------------------------------------------------------------------
:: retrieving :: org.apache.spark#spark-submit-parent-2649b146-c5ac-4bac-a71a-90f4a2bffd4c
	confs: [default]
	0 artifacts copied, 12 already retrieved (0kB/31ms)
26/09/16 19:27:35 WARN NativeCodeLoader: Unable to load native-hadoop library for your platform... using builtin-java classes where applicable
26/09/16 19:27:40 INFO SparkContext: Running Spark version 3.3.0
26/09/16 19:27:40 INFO ResourceUtils: ==============================================================
26/09/16 19:27:40 INFO ResourceUtils: No custom resources configured for spark.driver.
26/09/16 19:27:40 INFO ResourceUtils: ==============================================================
26/09/16 19:27:40 INFO SparkContext: Submitted application: stedi-risk-score-by-birth-year
26/09/16 19:27:40 INFO ResourceProfile: Default ResourceProfile created, executor resources: Map(cores -> name: cores, amount: 1, script: , vendor: , memory -> name: memory, amount: 1024, script: , vendor: , offHeap -> name: offHeap, amount: 0, script: , vendor: ), task resources: Map(cpus -> name: cpus, amount: 1.0)
26/09/16 19:27:40 INFO ResourceProfile: Limiting resource is cpu
26/09/16 19:27:40 INFO ResourceProfileManager: Added ResourceProfile id: 0
26/09/16 19:27:40 INFO SecurityManager: Changing view acls to: root
26/09/16 19:27:40 INFO SecurityManager: Changing modify acls to: root
26/09/16 19:27:40 INFO SecurityManager: Changing view acls groups to: 
26/09/16 19:27:40 INFO SecurityManager: Changing modify acls groups to: 
26/09/16 19:27:40 INFO SecurityManager: SecurityManager: authentication disabled; ui acls disabled; users  with view permissions: Set(root); groups with view permissions: Set(); users  with modify permissions: Set(root); groups with modify permissions: Set()
26/09/16 19:27:41 INFO Utils: Successfully started service 'sparkDriver' on port 45989.
26/09/16 19:27:41 INFO SparkEnv: Registering MapOutputTracker
26/09/16 19:27:42 INFO SparkEnv: Registering BlockManagerMaster
26/09/16 19:27:42 INFO BlockManagerMasterEndpoint: Using org.apache.spark.storage.DefaultTopologyMapper for getting topology information
26/09/16 19:27:42 INFO BlockManagerMasterEndpoint: BlockManagerMasterEndpoint up
26/09/16 19:27:42 INFO SparkEnv: Registering BlockManagerMasterHeartbeat
26/09/16 19:27:42 INFO DiskBlockManager: Created local directory at /tmp/blockmgr-a0e02896-6ed3-4bc3-b26e-2a7c227d10eb
26/09/16 19:27:42 INFO MemoryStore: MemoryStore started with capacity 434.4 MiB
26/09/16 19:27:42 INFO SparkEnv: Registering OutputCommitCoordinator
26/09/16 19:27:42 INFO Utils: Successfully started service 'SparkUI' on port 4040.
26/09/16 19:27:42 INFO SparkContext: Added JAR file:///root/.ivy2/jars/org.apache.spark_spark-sql-kafka-0-10_2.12-3.3.0.jar at spark://spark:45989/jars/org.apache.spark_spark-sql-kafka-0-10_2.12-3.3.0.jar with timestamp 1789586860354
26/09/16 19:27:42 INFO SparkContext: Added JAR file:///root/.ivy2/jars/org.apache.spark_spark-token-provider-kafka-0-10_2.12-3.3.0.jar at spark://spark:45989/jars/org.apache.spark_spark-token-provider-kafka-0-10_2.12-3.3.0.jar with timestamp 1789586860354
26/09/16 19:27:42 INFO SparkContext: Added JAR file:///root/.ivy2/jars/org.apache.kafka_kafka-clients-2.8.1.jar at spark://spark:45989/jars/org.apache.kafka_kafka-clients-2.8.1.jar with timestamp 1789586860354
26/09/16 19:27:42 INFO SparkContext: Added JAR file:///root/.ivy2/jars/com.google.code.findbugs_jsr305-3.0.0.jar at spark://spark:45989/jars/com.google.code.findbugs_jsr305-3.0.0.jar with timestamp 1789586860354
26/09/16 19:27:42 INFO SparkContext: Added JAR file:///root/.ivy2/jars/org.apache.commons_commons-pool2-2.11.1.jar at spark://spark:45989/jars/org.apache.commons_commons-pool2-2.11.1.jar with timestamp 1789586860354
26/09/16 19:27:42 INFO SparkContext: Added JAR file:///root/.ivy2/jars/org.spark-project.spark_unused-1.0.0.jar at spark://spark:45989/jars/org.spark-project.spark_unused-1.0.0.jar with timestamp 1789586860354
26/09/16 19:27:42 INFO SparkContext: Added JAR file:///root/.ivy2/jars/org.apache.hadoop_hadoop-client-runtime-3.3.2.jar at spark://spark:45989/jars/org.apache.hadoop_hadoop-client-runtime-3.3.2.jar with timestamp 1789586860354
26/09/16 19:27:42 INFO SparkContext: Added JAR file:///root/.ivy2/jars/org.lz4_lz4-java-1.8.0.jar at spark://spark:45989/jars/org.lz4_lz4-java-1.8.0.jar with timestamp 1789586860354
26/09/16 19:27:42 INFO SparkContext: Added JAR file:///root/.ivy2/jars/org.xerial.snappy_snappy-java-1.1.8.4.jar at spark://spark:45989/jars/org.xerial.snappy_snappy-java-1.1.8.4.jar with timestamp 1789586860354
26/09/16 19:27:42 INFO SparkContext: Added JAR file:///root/.ivy2/jars/org.slf4j_slf4j-api-1.7.32.jar at spark://spark:45989/jars/org.slf4j_slf4j-api-1.7.32.jar with timestamp 1789586860354
26/09/16 19:27:42 INFO SparkContext: Added JAR file:///root/.ivy2/jars/org.apache.hadoop_hadoop-client-api-3.3.2.jar at spark://spark:45989/jars/org.apache.hadoop_hadoop-client-api-3.3.2.jar with timestamp 1789586860354
26/09/16 19:27:42 INFO SparkContext: Added JAR file:///root/.ivy2/jars/commons-logging_commons-logging-1.1.3.jar at spark://spark:45989/jars/commons-logging_commons-logging-1.1.3.jar with timestamp 1789586860354
26/09/16 19:27:42 INFO SparkContext: Added file file:///root/.ivy2/jars/org.apache.spark_spark-sql-kafka-0-10_2.12-3.3.0.jar at spark://spark:45989/files/org.apache.spark_spark-sql-kafka-0-10_2.12-3.3.0.jar with timestamp 1789586860354
26/09/16 19:27:42 INFO Utils: Copying /root/.ivy2/jars/org.apache.spark_spark-sql-kafka-0-10_2.12-3.3.0.jar to /tmp/spark-d7ee79cd-10d5-4d97-a54c-21520e3fce79/userFiles-25df999d-cf54-46b9-82f7-e8d632fb752c/org.apache.spark_spark-sql-kafka-0-10_2.12-3.3.0.jar
26/09/16 19:27:42 INFO SparkContext: Added file file:///root/.ivy2/jars/org.apache.spark_spark-token-provider-kafka-0-10_2.12-3.3.0.jar at spark://spark:45989/files/org.apache.spark_spark-token-provider-kafka-0-10_2.12-3.3.0.jar with timestamp 1789586860354
26/09/16 19:27:42 INFO Utils: Copying /root/.ivy2/jars/org.apache.spark_spark-token-provider-kafka-0-10_2.12-3.3.0.jar to /tmp/spark-d7ee79cd-10d5-4d97-a54c-21520e3fce79/userFiles-25df999d-cf54-46b9-82f7-e8d632fb752c/org.apache.spark_spark-token-provider-kafka-0-10_2.12-3.3.0.jar
26/09/16 19:27:42 INFO SparkContext: Added file file:///root/.ivy2/jars/org.apache.kafka_kafka-clients-2.8.1.jar at spark://spark:45989/files/org.apache.kafka_kafka-clients-2.8.1.jar with timestamp 1789586860354
26/09/16 19:27:42 INFO Utils: Copying /root/.ivy2/jars/org.apache.kafka_kafka-clients-2.8.1.jar to /tmp/spark-d7ee79cd-10d5-4d97-a54c-21520e3fce79/userFiles-25df999d-cf54-46b9-82f7-e8d632fb752c/org.apache.kafka_kafka-clients-2.8.1.jar
26/09/16 19:27:42 INFO SparkContext: Added file file:///root/.ivy2/jars/com.google.code.findbugs_jsr305-3.0.0.jar at spark://spark:45989/files/com.google.code.findbugs_jsr305-3.0.0.jar with timestamp 1789586860354
26/09/16 19:27:42 INFO Utils: Copying /root/.ivy2/jars/com.google.code.findbugs_jsr305-3.0.0.jar to /tmp/spark-d7ee79cd-10d5-4d97-a54c-21520e3fce79/userFiles-25df999d-cf54-46b9-82f7-e8d632fb752c/com.google.code.findbugs_jsr305-3.0.0.jar
26/09/16 19:27:42 INFO SparkContext: Added file file:///root/.ivy2/jars/org.apache.commons_commons-pool2-2.11.1.jar at spark://spark:45989/files/org.apache.commons_commons-pool2-2.11.1.jar with timestamp 1789586860354
26/09/16 19:27:42 INFO Utils: Copying /root/.ivy2/jars/org.apache.commons_commons-pool2-2.11.1.jar to /tmp/spark-d7ee79cd-10d5-4d97-a54c-21520e3fce79/userFiles-25df999d-cf54-46b9-82f7-e8d632fb752c/org.apache.commons_commons-pool2-2.11.1.jar
26/09/16 19:27:42 INFO SparkContext: Added file file:///root/.ivy2/jars/org.spark-project.spark_unused-1.0.0.jar at spark://spark:45989/files/org.spark-project.spark_unused-1.0.0.jar with timestamp 1789586860354
26/09/16 19:27:42 INFO Utils: Copying /root/.ivy2/jars/org.spark-project.spark_unused-1.0.0.jar to /tmp/spark-d7ee79cd-10d5-4d97-a54c-21520e3fce79/userFiles-25df999d-cf54-46b9-82f7-e8d632fb752c/org.spark-project.spark_unused-1.0.0.jar
26/09/16 19:27:42 INFO SparkContext: Added file file:///root/.ivy2/jars/org.apache.hadoop_hadoop-client-runtime-3.3.2.jar at spark://spark:45989/files/org.apache.hadoop_hadoop-client-runtime-3.3.2.jar with timestamp 1789586860354
26/09/16 19:27:42 INFO Utils: Copying /root/.ivy2/jars/org.apache.hadoop_hadoop-client-runtime-3.3.2.jar to /tmp/spark-d7ee79cd-10d5-4d97-a54c-21520e3fce79/userFiles-25df999d-cf54-46b9-82f7-e8d632fb752c/org.apache.hadoop_hadoop-client-runtime-3.3.2.jar
26/09/16 19:27:43 INFO SparkContext: Added file file:///root/.ivy2/jars/org.lz4_lz4-java-1.8.0.jar at spark://spark:45989/files/org.lz4_lz4-java-1.8.0.jar with timestamp 1789586860354
26/09/16 19:27:43 INFO Utils: Copying /root/.ivy2/jars/org.lz4_lz4-java-1.8.0.jar to /tmp/spark-d7ee79cd-10d5-4d97-a54c-21520e3fce79/userFiles-25df999d-cf54-46b9-82f7-e8d632fb752c/org.lz4_lz4-java-1.8.0.jar
26/09/16 19:27:43 INFO SparkContext: Added file file:///root/.ivy2/jars/org.xerial.snappy_snappy-java-1.1.8.4.jar at spark://spark:45989/files/org.xerial.snappy_snappy-java-1.1.8.4.jar with timestamp 1789586860354
26/09/16 19:27:43 INFO Utils: Copying /root/.ivy2/jars/org.xerial.snappy_snappy-java-1.1.8.4.jar to /tmp/spark-d7ee79cd-10d5-4d97-a54c-21520e3fce79/userFiles-25df999d-cf54-46b9-82f7-e8d632fb752c/org.xerial.snappy_snappy-java-1.1.8.4.jar
26/09/16 19:27:43 INFO SparkContext: Added file file:///root/.ivy2/jars/org.slf4j_slf4j-api-1.7.32.jar at spark://spark:45989/files/org.slf4j_slf4j-api-1.7.32.jar with timestamp 1789586860354
26/09/16 19:27:43 INFO Utils: Copying /root/.ivy2/jars/org.slf4j_slf4j-api-1.7.32.jar to /tmp/spark-d7ee79cd-10d5-4d97-a54c-21520e3fce79/userFiles-25df999d-cf54-46b9-82f7-e8d632fb752c/org.slf4j_slf4j-api-1.7.32.jar
26/09/16 19:27:43 INFO SparkContext: Added file file:///root/.ivy2/jars/org.apache.hadoop_hadoop-client-api-3.3.2.jar at spark://spark:45989/files/org.apache.hadoop_hadoop-client-api-3.3.2.jar with timestamp 1789586860354
26/09/16 19:27:43 INFO Utils: Copying /root/.ivy2/jars/org.apache.hadoop_hadoop-client-api-3.3.2.jar to /tmp/spark-d7ee79cd-10d5-4d97-a54c-21520e3fce79/userFiles-25df999d-cf54-46b9-82f7-e8d632fb752c/org.apache.hadoop_hadoop-client-api-3.3.2.jar
26/09/16 19:27:43 INFO SparkContext: Added file file:///root/.ivy2/jars/commons-logging_commons-logging-1.1.3.jar at spark://spark:45989/files/commons-logging_commons-logging-1.1.3.jar with timestamp 1789586860354
26/09/16 19:27:43 INFO Utils: Copying /root/.ivy2/jars/commons-logging_commons-logging-1.1.3.jar to /tmp/spark-d7ee79cd-10d5-4d97-a54c-21520e3fce79/userFiles-25df999d-cf54-46b9-82f7-e8d632fb752c/commons-logging_commons-logging-1.1.3.jar
26/09/16 19:27:43 INFO StandaloneAppClient$ClientEndpoint: Connecting to master spark://spark:7077...
26/09/16 19:27:43 INFO TransportClientFactory: Successfully created connection to spark/172.18.0.4:7077 after 101 ms (0 ms spent in bootstraps)
26/09/16 19:27:43 INFO StandaloneSchedulerBackend: Connected to Spark cluster with app ID app-20260916192743-0006
26/09/16 19:27:43 INFO StandaloneAppClient$ClientEndpoint: Executor added: app-20260916192743-0006/0 on worker-20260916185327-172.18.0.6-33449 (172.18.0.6:33449) with 1 core(s)
26/09/16 19:27:44 INFO StandaloneSchedulerBackend: Granted executor ID app-20260916192743-0006/0 on hostPort 172.18.0.6:33449 with 1 core(s), 1024.0 MiB RAM
26/09/16 19:27:44 INFO Utils: Successfully started service 'org.apache.spark.network.netty.NettyBlockTransferService' on port 33353.
26/09/16 19:27:44 INFO NettyBlockTransferService: Server created on spark:33353
26/09/16 19:27:44 INFO BlockManager: Using org.apache.spark.storage.RandomBlockReplicationPolicy for block replication policy
26/09/16 19:27:44 INFO BlockManagerMaster: Registering BlockManager BlockManagerId(driver, spark, 33353, None)
26/09/16 19:27:44 INFO BlockManagerMasterEndpoint: Registering block manager spark:33353 with 434.4 MiB RAM, BlockManagerId(driver, spark, 33353, None)
26/09/16 19:27:44 INFO BlockManagerMaster: Registered BlockManager BlockManagerId(driver, spark, 33353, None)
26/09/16 19:27:44 INFO BlockManager: Initialized BlockManager: BlockManagerId(driver, spark, 33353, None)
26/09/16 19:27:44 INFO StandaloneAppClient$ClientEndpoint: Executor updated: app-20260916192743-0006/0 is now RUNNING
26/09/16 19:27:45 INFO StandaloneSchedulerBackend: SchedulerBackend is ready for scheduling beginning after reached minRegisteredResourcesRatio: 0.0
26/09/16 19:28:06 WARN ResolveWriteToStream: spark.sql.adaptive.enabled is not supported in streaming DataFrames/Datasets and will be disabled.
