:: loading settings :: url = jar:file:/opt/spark/jars/ivy-2.5.0.jar!/org/apache/ivy/core/settings/ivysettings.xml
Ivy Default Cache set to: /root/.ivy2/cache
The jars for the packages stored in: /root/.ivy2/jars
org.apache.spark#spark-sql-kafka-0-10_2.12 added as a dependency
:: resolving dependencies :: org.apache.spark#spark-submit-parent-9d54afd3-6311-4b36-9ebf-6f19065dbdc0;1.0
	confs: [default]
	found org.apache.spark#spark-sql-kafka-0-10_2.12;3.3.0 in central
	found org.apache.spark#spark-token-provider-kafka-0-10_2.12;3.3.0 in central
	found org.apache.kafka#kafka-clients;2.8.1 in central
	found org.lz4#lz4-java;1.8.0 in central
	found org.xerial.snappy#snappy-java;1.1.8.4 in central
	found org.slf4j#slf4j-api;1.7.32 in central
	found org.apache.hadoop#hadoop-client-runtime;3.3.2 in central
	found org.spark-project.spark#unused;1.0.0 in central
	found org.apache.hadoop#hadoop-client-api;3.3.2 in central
	found commons-logging#commons-logging;1.1.3 in central
	found com.google.code.findbugs#jsr305;3.0.0 in central
	found org.apache.commons#commons-pool2;2.11.1 in central
:: resolution report :: resolve 1534ms :: artifacts dl 45ms
	:: modules in use:
	com.google.code.findbugs#jsr305;3.0.0 from central in [default]
	commons-logging#commons-logging;1.1.3 from central in [default]
	org.apache.commons#commons-pool2;2.11.1 from central in [default]
	org.apache.hadoop#hadoop-client-api;3.3.2 from central in [default]
	org.apache.hadoop#hadoop-client-runtime;3.3.2 from central in [default]
	org.apache.kafka#kafka-clients;2.8.1 from central in [default]
	org.apache.spark#spark-sql-kafka-0-10_2.12;3.3.0 from central in [default]
	org.apache.spark#spark-token-provider-kafka-0-10_2.12;3.3.0 from central in [default]
	org.lz4#lz4-java;1.8.0 from central in [default]
	org.slf4j#slf4j-api;1.7.32 from central in [default]
	org.spark-project.spark#unused;1.0.0 from central in [default]
	org.xerial.snappy#snappy-java;1.1.8.4 from central in [default]
	---------------------------------------------------------------------
	|                  |            modules            ||   artifacts   |
	|       conf       | number| search|dwnlded|evicted|| number|dwnlded|
	---------------------------------------------------------------------
	|      default     |   12  |   0   |   0   |   0   ||   12  |   0   |
	---------------------------------------------------------------------
:: retrieving :: org.apache.spark#spark-submit-parent-9d54afd3-6311-4b36-9ebf-6f19065dbdc0
	confs: [default]
	0 artifacts copied, 12 already retrieved (0kB/24ms)
26/09/16 19:22:59 WARN NativeCodeLoader: Unable to load native-hadoop library for your platform... using builtin-java classes where applicable
26/09/16 19:23:03 INFO SparkContext: Running Spark version 3.3.0
26/09/16 19:23:03 INFO ResourceUtils: ==============================================================
26/09/16 19:23:03 INFO ResourceUtils: No custom resources configured for spark.driver.
26/09/16 19:23:03 INFO ResourceUtils: ==============================================================
26/09/16 19:23:03 INFO SparkContext: Submitted application: stedi-optional-risk-calculation
26/09/16 19:23:03 INFO ResourceProfile: Default ResourceProfile created, executor resources: Map(cores -> name: cores, amount: 1, script: , vendor: , memory -> name: memory, amount: 1024, script: , vendor: , offHeap -> name: offHeap, amount: 0, script: , vendor: ), task resources: Map(cpus -> name: cpus, amount: 1.0)
26/09/16 19:23:04 INFO ResourceProfile: Limiting resource is cpu
26/09/16 19:23:04 INFO ResourceProfileManager: Added ResourceProfile id: 0
26/09/16 19:23:04 INFO SecurityManager: Changing view acls to: root
26/09/16 19:23:04 INFO SecurityManager: Changing modify acls to: root
26/09/16 19:23:04 INFO SecurityManager: Changing view acls groups to: 
26/09/16 19:23:04 INFO SecurityManager: Changing modify acls groups to: 
26/09/16 19:23:04 INFO SecurityManager: SecurityManager: authentication disabled; ui acls disabled; users  with view permissions: Set(root); groups with view permissions: Set(); users  with modify permissions: Set(root); groups with modify permissions: Set()
26/09/16 19:23:05 INFO Utils: Successfully started service 'sparkDriver' on port 38601.
26/09/16 19:23:05 INFO SparkEnv: Registering MapOutputTracker
26/09/16 19:23:05 INFO SparkEnv: Registering BlockManagerMaster
26/09/16 19:23:05 INFO BlockManagerMasterEndpoint: Using org.apache.spark.storage.DefaultTopologyMapper for getting topology information
26/09/16 19:23:05 INFO BlockManagerMasterEndpoint: BlockManagerMasterEndpoint up
26/09/16 19:23:05 INFO SparkEnv: Registering BlockManagerMasterHeartbeat
26/09/16 19:23:05 INFO DiskBlockManager: Created local directory at /tmp/blockmgr-75bf43a6-cd6b-44e1-b5ee-30b9beeab950
26/09/16 19:23:05 INFO MemoryStore: MemoryStore started with capacity 434.4 MiB
26/09/16 19:23:05 INFO SparkEnv: Registering OutputCommitCoordinator
26/09/16 19:23:06 WARN Utils: Service 'SparkUI' could not bind on port 4040. Attempting port 4041.
26/09/16 19:23:06 WARN Utils: Service 'SparkUI' could not bind on port 4041. Attempting port 4042.
26/09/16 19:23:06 WARN Utils: Service 'SparkUI' could not bind on port 4042. Attempting port 4043.
26/09/16 19:23:06 INFO Utils: Successfully started service 'SparkUI' on port 4043.
26/09/16 19:23:06 INFO SparkContext: Added JAR file:///root/.ivy2/jars/org.apache.spark_spark-sql-kafka-0-10_2.12-3.3.0.jar at spark://spark:38601/jars/org.apache.spark_spark-sql-kafka-0-10_2.12-3.3.0.jar with timestamp 1789586583718
26/09/16 19:23:06 INFO SparkContext: Added JAR file:///root/.ivy2/jars/org.apache.spark_spark-token-provider-kafka-0-10_2.12-3.3.0.jar at spark://spark:38601/jars/org.apache.spark_spark-token-provider-kafka-0-10_2.12-3.3.0.jar with timestamp 1789586583718
26/09/16 19:23:06 INFO SparkContext: Added JAR file:///root/.ivy2/jars/org.apache.kafka_kafka-clients-2.8.1.jar at spark://spark:38601/jars/org.apache.kafka_kafka-clients-2.8.1.jar with timestamp 1789586583718
26/09/16 19:23:06 INFO SparkContext: Added JAR file:///root/.ivy2/jars/com.google.code.findbugs_jsr305-3.0.0.jar at spark://spark:38601/jars/com.google.code.findbugs_jsr305-3.0.0.jar with timestamp 1789586583718
26/09/16 19:23:06 INFO SparkContext: Added JAR file:///root/.ivy2/jars/org.apache.commons_commons-pool2-2.11.1.jar at spark://spark:38601/jars/org.apache.commons_commons-pool2-2.11.1.jar with timestamp 1789586583718
26/09/16 19:23:06 INFO SparkContext: Added JAR file:///root/.ivy2/jars/org.spark-project.spark_unused-1.0.0.jar at spark://spark:38601/jars/org.spark-project.spark_unused-1.0.0.jar with timestamp 1789586583718
26/09/16 19:23:06 INFO SparkContext: Added JAR file:///root/.ivy2/jars/org.apache.hadoop_hadoop-client-runtime-3.3.2.jar at spark://spark:38601/jars/org.apache.hadoop_hadoop-client-runtime-3.3.2.jar with timestamp 1789586583718
26/09/16 19:23:06 INFO SparkContext: Added JAR file:///root/.ivy2/jars/org.lz4_lz4-java-1.8.0.jar at spark://spark:38601/jars/org.lz4_lz4-java-1.8.0.jar with timestamp 1789586583718
26/09/16 19:23:06 INFO SparkContext: Added JAR file:///root/.ivy2/jars/org.xerial.snappy_snappy-java-1.1.8.4.jar at spark://spark:38601/jars/org.xerial.snappy_snappy-java-1.1.8.4.jar with timestamp 1789586583718
26/09/16 19:23:06 INFO SparkContext: Added JAR file:///root/.ivy2/jars/org.slf4j_slf4j-api-1.7.32.jar at spark://spark:38601/jars/org.slf4j_slf4j-api-1.7.32.jar with timestamp 1789586583718
26/09/16 19:23:06 INFO SparkContext: Added JAR file:///root/.ivy2/jars/org.apache.hadoop_hadoop-client-api-3.3.2.jar at spark://spark:38601/jars/org.apache.hadoop_hadoop-client-api-3.3.2.jar with timestamp 1789586583718
26/09/16 19:23:06 INFO SparkContext: Added JAR file:///root/.ivy2/jars/commons-logging_commons-logging-1.1.3.jar at spark://spark:38601/jars/commons-logging_commons-logging-1.1.3.jar with timestamp 1789586583718
26/09/16 19:23:06 INFO SparkContext: Added file file:///root/.ivy2/jars/org.apache.spark_spark-sql-kafka-0-10_2.12-3.3.0.jar at spark://spark:38601/files/org.apache.spark_spark-sql-kafka-0-10_2.12-3.3.0.jar with timestamp 1789586583718
26/09/16 19:23:06 INFO Utils: Copying /root/.ivy2/jars/org.apache.spark_spark-sql-kafka-0-10_2.12-3.3.0.jar to /tmp/spark-02db8113-2c25-4fe5-9252-16236d3c139e/userFiles-e476bd6a-00b0-45c2-88c8-66f76d8a3a1e/org.apache.spark_spark-sql-kafka-0-10_2.12-3.3.0.jar
26/09/16 19:23:06 INFO SparkContext: Added file file:///root/.ivy2/jars/org.apache.spark_spark-token-provider-kafka-0-10_2.12-3.3.0.jar at spark://spark:38601/files/org.apache.spark_spark-token-provider-kafka-0-10_2.12-3.3.0.jar with timestamp 1789586583718
26/09/16 19:23:06 INFO Utils: Copying /root/.ivy2/jars/org.apache.spark_spark-token-provider-kafka-0-10_2.12-3.3.0.jar to /tmp/spark-02db8113-2c25-4fe5-9252-16236d3c139e/userFiles-e476bd6a-00b0-45c2-88c8-66f76d8a3a1e/org.apache.spark_spark-token-provider-kafka-0-10_2.12-3.3.0.jar
26/09/16 19:23:07 INFO SparkContext: Added file file:///root/.ivy2/jars/org.apache.kafka_kafka-clients-2.8.1.jar at spark://spark:38601/files/org.apache.kafka_kafka-clients-2.8.1.jar with timestamp 1789586583718
26/09/16 19:23:07 INFO Utils: Copying /root/.ivy2/jars/org.apache.kafka_kafka-clients-2.8.1.jar to /tmp/spark-02db8113-2c25-4fe5-9252-16236d3c139e/userFiles-e476bd6a-00b0-45c2-88c8-66f76d8a3a1e/org.apache.kafka_kafka-clients-2.8.1.jar
26/09/16 19:23:07 INFO SparkContext: Added file file:///root/.ivy2/jars/com.google.code.findbugs_jsr305-3.0.0.jar at spark://spark:38601/files/com.google.code.findbugs_jsr305-3.0.0.jar with timestamp 1789586583718
26/09/16 19:23:07 INFO Utils: Copying /root/.ivy2/jars/com.google.code.findbugs_jsr305-3.0.0.jar to /tmp/spark-02db8113-2c25-4fe5-9252-16236d3c139e/userFiles-e476bd6a-00b0-45c2-88c8-66f76d8a3a1e/com.google.code.findbugs_jsr305-3.0.0.jar
26/09/16 19:23:07 INFO SparkContext: Added file file:///root/.ivy2/jars/org.apache.commons_commons-pool2-2.11.1.jar at spark://spark:38601/files/org.apache.commons_commons-pool2-2.11.1.jar with timestamp 1789586583718
26/09/16 19:23:07 INFO Utils: Copying /root/.ivy2/jars/org.apache.commons_commons-pool2-2.11.1.jar to /tmp/spark-02db8113-2c25-4fe5-9252-16236d3c139e/userFiles-e476bd6a-00b0-45c2-88c8-66f76d8a3a1e/org.apache.commons_commons-pool2-2.11.1.jar
26/09/16 19:23:07 INFO SparkContext: Added file file:///root/.ivy2/jars/org.spark-project.spark_unused-1.0.0.jar at spark://spark:38601/files/org.spark-project.spark_unused-1.0.0.jar with timestamp 1789586583718
26/09/16 19:23:07 INFO Utils: Copying /root/.ivy2/jars/org.spark-project.spark_unused-1.0.0.jar to /tmp/spark-02db8113-2c25-4fe5-9252-16236d3c139e/userFiles-e476bd6a-00b0-45c2-88c8-66f76d8a3a1e/org.spark-project.spark_unused-1.0.0.jar
26/09/16 19:23:07 INFO SparkContext: Added file file:///root/.ivy2/jars/org.apache.hadoop_hadoop-client-runtime-3.3.2.jar at spark://spark:38601/files/org.apache.hadoop_hadoop-client-runtime-3.3.2.jar with timestamp 1789586583718
26/09/16 19:23:07 INFO Utils: Copying /root/.ivy2/jars/org.apache.hadoop_hadoop-client-runtime-3.3.2.jar to /tmp/spark-02db8113-2c25-4fe5-9252-16236d3c139e/userFiles-e476bd6a-00b0-45c2-88c8-66f76d8a3a1e/org.apache.hadoop_hadoop-client-runtime-3.3.2.jar
26/09/16 19:23:07 INFO SparkContext: Added file file:///root/.ivy2/jars/org.lz4_lz4-java-1.8.0.jar at spark://spark:38601/files/org.lz4_lz4-java-1.8.0.jar with timestamp 1789586583718
26/09/16 19:23:07 INFO Utils: Copying /root/.ivy2/jars/org.lz4_lz4-java-1.8.0.jar to /tmp/spark-02db8113-2c25-4fe5-9252-16236d3c139e/userFiles-e476bd6a-00b0-45c2-88c8-66f76d8a3a1e/org.lz4_lz4-java-1.8.0.jar
26/09/16 19:23:07 INFO SparkContext: Added file file:///root/.ivy2/jars/org.xerial.snappy_snappy-java-1.1.8.4.jar at spark://spark:38601/files/org.xerial.snappy_snappy-java-1.1.8.4.jar with timestamp 1789586583718
26/09/16 19:23:07 INFO Utils: Copying /root/.ivy2/jars/org.xerial.snappy_snappy-java-1.1.8.4.jar to /tmp/spark-02db8113-2c25-4fe5-9252-16236d3c139e/userFiles-e476bd6a-00b0-45c2-88c8-66f76d8a3a1e/org.xerial.snappy_snappy-java-1.1.8.4.jar
26/09/16 19:23:07 INFO SparkContext: Added file file:///root/.ivy2/jars/org.slf4j_slf4j-api-1.7.32.jar at spark://spark:38601/files/org.slf4j_slf4j-api-1.7.32.jar with timestamp 1789586583718
26/09/16 19:23:07 INFO Utils: Copying /root/.ivy2/jars/org.slf4j_slf4j-api-1.7.32.jar to /tmp/spark-02db8113-2c25-4fe5-9252-16236d3c139e/userFiles-e476bd6a-00b0-45c2-88c8-66f76d8a3a1e/org.slf4j_slf4j-api-1.7.32.jar
26/09/16 19:23:07 INFO SparkContext: Added file file:///root/.ivy2/jars/org.apache.hadoop_hadoop-client-api-3.3.2.jar at spark://spark:38601/files/org.apache.hadoop_hadoop-client-api-3.3.2.jar with timestamp 1789586583718
26/09/16 19:23:07 INFO Utils: Copying /root/.ivy2/jars/org.apache.hadoop_hadoop-client-api-3.3.2.jar to /tmp/spark-02db8113-2c25-4fe5-9252-16236d3c139e/userFiles-e476bd6a-00b0-45c2-88c8-66f76d8a3a1e/org.apache.hadoop_hadoop-client-api-3.3.2.jar
26/09/16 19:23:07 INFO SparkContext: Added file file:///root/.ivy2/jars/commons-logging_commons-logging-1.1.3.jar at spark://spark:38601/files/commons-logging_commons-logging-1.1.3.jar with timestamp 1789586583718
26/09/16 19:23:07 INFO Utils: Copying /root/.ivy2/jars/commons-logging_commons-logging-1.1.3.jar to /tmp/spark-02db8113-2c25-4fe5-9252-16236d3c139e/userFiles-e476bd6a-00b0-45c2-88c8-66f76d8a3a1e/commons-logging_commons-logging-1.1.3.jar
26/09/16 19:23:08 INFO StandaloneAppClient$ClientEndpoint: Connecting to master spark://spark:7077...
26/09/16 19:23:08 INFO TransportClientFactory: Successfully created connection to spark/172.18.0.4:7077 after 77 ms (0 ms spent in bootstraps)
26/09/16 19:23:08 INFO StandaloneSchedulerBackend: Connected to Spark cluster with app ID app-20260916192308-0004
26/09/16 19:23:08 INFO StandaloneAppClient$ClientEndpoint: Executor added: app-20260916192308-0004/0 on worker-20260916185327-172.18.0.6-33449 (172.18.0.6:33449) with 1 core(s)
26/09/16 19:23:08 INFO StandaloneSchedulerBackend: Granted executor ID app-20260916192308-0004/0 on hostPort 172.18.0.6:33449 with 1 core(s), 1024.0 MiB RAM
26/09/16 19:23:08 INFO Utils: Successfully started service 'org.apache.spark.network.netty.NettyBlockTransferService' on port 42839.
26/09/16 19:23:08 INFO NettyBlockTransferService: Server created on spark:42839
26/09/16 19:23:08 INFO BlockManager: Using org.apache.spark.storage.RandomBlockReplicationPolicy for block replication policy
26/09/16 19:23:08 INFO BlockManagerMaster: Registering BlockManager BlockManagerId(driver, spark, 42839, None)
26/09/16 19:23:08 INFO BlockManagerMasterEndpoint: Registering block manager spark:42839 with 434.4 MiB RAM, BlockManagerId(driver, spark, 42839, None)
26/09/16 19:23:08 INFO StandaloneAppClient$ClientEndpoint: Executor updated: app-20260916192308-0004/0 is now RUNNING
26/09/16 19:23:08 INFO BlockManagerMaster: Registered BlockManager BlockManagerId(driver, spark, 42839, None)
26/09/16 19:23:08 INFO BlockManager: Initialized BlockManager: BlockManagerId(driver, spark, 42839, None)
26/09/16 19:23:10 INFO StandaloneSchedulerBackend: SchedulerBackend is ready for scheduling beginning after reached minRegisteredResourcesRatio: 0.0
26/09/16 19:23:24 WARN ResolveWriteToStream: spark.sql.adaptive.enabled is not supported in streaming DataFrames/Datasets and will be disabled.
===== batch 0: risk recomputed from RapidStepTest =====
+--------------------+--------------+---------------+-------------+
|               email|currentAverage|previousAverage|computedScore|
+--------------------+--------------+---------------+-------------+
|Ashley.Fibonnaci@...|       93000.0|        70500.0|        -22.5|
|Ashley.Olson@test...|      122500.0|       120000.0|         -2.5|
|Ben.Aristotle@tes...|       94000.0|       100000.0|          6.0|
|Bobby.Fibonnaci@t...|       92000.0|        69500.0|        -22.5|
|Chris.Lincoln@tes...|       81500.0|        73500.0|         -8.0|
|Dan.Anderson@test...|      136000.0|       132500.0|         -3.5|
|Danny.Spencer@tes...|      155500.0|       152500.0|         -3.0|
|David.Anderson@te...|      105500.0|        68000.0|        -37.5|
|Edward.Aristotle@...|      151500.0|       149500.0|         -2.0|
| Eric.Ahmed@test.com|      106500.0|        73500.0|        -33.0|
|Eric.Staples@test...|       97500.0|        82000.0|        -15.5|
|Frank.Fibonnaci@t...|      135500.0|       133500.0|         -2.0|
|Frank.Staples@tes...|       93500.0|       102000.0|          8.5|
|Gail.Gonzalez@tes...|      102000.0|        96000.0|         -6.0|
|   Jason.Wu@test.com|      105500.0|       102000.0|         -3.5|
|Jerry.Abram@test.com|       85500.0|        71000.0|        -14.5|
|Jerry.Smith@test.com|      124000.0|       120500.0|         -3.5|
|John.Jefferson@te...|      111000.0|       107500.0|         -3.5|
| John.Smith@test.com|      142500.0|       138000.0|         -4.5|
|Neeraj.Anandh@tes...|      108000.0|        93000.0|        -15.0|
|Neeraj.Spencer@te...|      159000.0|       156500.0|         -2.5|
|Santosh.Smith@tes...|       91500.0|        79000.0|        -12.5|
|Sarah.Fibonnaci@t...|       78000.0|        84500.0|          6.5|
|Sean.Howard@test.com|      104000.0|        86000.0|        -18.0|
|Sean.Lincoln@test...|       95500.0|        99500.0|          4.0|
|Senthil.Fibonnaci...|      136500.0|       130500.0|         -6.0|
|Spencer.Lincoln@t...|      107000.0|        77000.0|        -30.0|
|Travis.Davis@test...|       92500.0|       102000.0|          9.5|
+--------------------+--------------+---------------+-------------+

===== batch 1: risk recomputed from RapidStepTest =====
+--------------------+--------------+---------------+-------------+
|               email|currentAverage|previousAverage|computedScore|
+--------------------+--------------+---------------+-------------+
|Ashley.Fibonnaci@...|      106000.0|        79000.0|        -27.0|
|Ashley.Olson@test...|      124000.0|       121000.0|         -3.0|
|Ben.Aristotle@tes...|       94000.0|       100000.0|          6.0|
|Bobby.Fibonnaci@t...|       92000.0|        69500.0|        -22.5|
|Chris.Lincoln@tes...|       81500.0|        73500.0|         -8.0|
|Dan.Anderson@test...|      136000.0|       134500.0|         -1.5|
|Danny.Spencer@tes...|      155500.0|       152500.0|         -3.0|
|David.Anderson@te...|      105500.0|        68000.0|        -37.5|
|Edward.Aristotle@...|      152500.0|       150500.0|         -2.0|
| Eric.Ahmed@test.com|       92500.0|        87000.0|         -5.5|
|Eric.Staples@test...|       90000.0|        72500.0|        -17.5|
|Frank.Fibonnaci@t...|      137000.0|       135000.0|         -2.0|
|Frank.Staples@tes...|       93500.0|       102000.0|          8.5|
|Gail.Gonzalez@tes...|      102000.0|        96000.0|         -6.0|
|   Jason.Wu@test.com|      107000.0|       103000.0|         -4.0|
|Jerry.Abram@test.com|       73000.0|        85000.0|         12.0|
|Jerry.Smith@test.com|      126000.0|       122500.0|         -3.5|
|John.Jefferson@te...|      111000.0|       110000.0|         -1.0|
| John.Smith@test.com|      145500.0|       139500.0|         -6.0|
|Neeraj.Anandh@tes...|       99000.0|       102000.0|          3.0|
|Neeraj.Spencer@te...|      159000.0|       158500.0|         -0.5|
|Santosh.Smith@tes...|       91500.0|        79000.0|        -12.5|
|Sarah.Fibonnaci@t...|       73000.0|        77500.0|          4.5|
|Sean.Howard@test.com|      104000.0|        86000.0|        -18.0|
|Sean.Lincoln@test...|       95500.0|        99500.0|          4.0|
|Senthil.Fibonnaci...|      139500.0|       133500.0|         -6.0|
|Spencer.Lincoln@t...|       98500.0|        84500.0|        -14.0|
|Travis.Davis@test...|       92500.0|       102000.0|          9.5|
+--------------------+--------------+---------------+-------------+

===== batch 2: risk recomputed from RapidStepTest =====
+--------------------+--------------+---------------+-------------+
|               email|currentAverage|previousAverage|computedScore|
+--------------------+--------------+---------------+-------------+
|Ashley.Fibonnaci@...|      106000.0|        79000.0|        -27.0|
|Ashley.Olson@test...|      124000.0|       121000.0|         -3.0|
|Ben.Aristotle@tes...|       94000.0|       100000.0|          6.0|
|Bobby.Fibonnaci@t...|       92000.0|        69500.0|        -22.5|
|Chris.Lincoln@tes...|       81500.0|        73500.0|         -8.0|
|Dan.Anderson@test...|      136000.0|       134500.0|         -1.5|
|Danny.Spencer@tes...|      158500.0|       153500.0|         -5.0|
|David.Anderson@te...|       86500.0|        90500.0|          4.0|
|Edward.Aristotle@...|      152500.0|       150500.0|         -2.0|
| Eric.Ahmed@test.com|       92500.0|        87000.0|         -5.5|
|Eric.Staples@test...|       90000.0|        72500.0|        -17.5|
|Frank.Fibonnaci@t...|      137000.0|       135000.0|         -2.0|
|Frank.Staples@tes...|       93500.0|       102000.0|          8.5|
|Gail.Gonzalez@tes...|      107000.0|        87000.0|        -20.0|
|   Jason.Wu@test.com|      107000.0|       103000.0|         -4.0|
|Jerry.Abram@test.com|       73000.0|        85000.0|         12.0|
|Jerry.Smith@test.com|      126000.0|       122500.0|         -3.5|
|John.Jefferson@te...|      111000.0|       110000.0|         -1.0|
| John.Smith@test.com|      145500.0|       139500.0|         -6.0|
|Neeraj.Anandh@tes...|       99000.0|       102000.0|          3.0|
|Neeraj.Spencer@te...|      159000.0|       158500.0|         -0.5|
|Santosh.Smith@tes...|       91500.0|        79000.0|        -12.5|
|Sarah.Fibonnaci@t...|       73000.0|        77500.0|          4.5|
|Sean.Howard@test.com|      104000.0|        86000.0|        -18.0|
|Sean.Lincoln@test...|       95500.0|        99500.0|          4.0|
|Senthil.Fibonnaci...|      139500.0|       133500.0|         -6.0|
|Spencer.Lincoln@t...|       98500.0|        84500.0|        -14.0|
|Travis.Davis@test...|       89500.0|        79000.0|        -10.5|
+--------------------+--------------+---------------+-------------+

===== batch 3: risk recomputed from RapidStepTest =====
+--------------------+--------------+---------------+-------------+
|               email|currentAverage|previousAverage|computedScore|
+--------------------+--------------+---------------+-------------+
|Ashley.Fibonnaci@...|      106000.0|        79000.0|        -27.0|
|Ashley.Olson@test...|      124000.0|       121000.0|         -3.0|
|Ben.Aristotle@tes...|       82500.0|        97500.0|         15.0|
|Bobby.Fibonnaci@t...|       89500.0|        71500.0|        -18.0|
|Chris.Lincoln@tes...|       81500.0|        73500.0|         -8.0|
|Dan.Anderson@test...|      136000.0|       134500.0|         -1.5|
|Danny.Spencer@tes...|      158500.0|       153500.0|         -5.0|
|David.Anderson@te...|       86500.0|        90500.0|          4.0|
|Edward.Aristotle@...|      152500.0|       150500.0|         -2.0|
| Eric.Ahmed@test.com|       92500.0|        87000.0|         -5.5|
|Eric.Staples@test...|       90000.0|        72500.0|        -17.5|
|Frank.Fibonnaci@t...|      137000.0|       135000.0|         -2.0|
|Frank.Staples@tes...|       78500.0|        93500.0|         15.0|
|Gail.Gonzalez@tes...|      107000.0|        87000.0|        -20.0|
|   Jason.Wu@test.com|      107000.0|       103000.0|         -4.0|
|Jerry.Abram@test.com|       73000.0|        85000.0|         12.0|
|Jerry.Smith@test.com|      126000.0|       122500.0|         -3.5|
|John.Jefferson@te...|      111000.0|       110000.0|         -1.0|
| John.Smith@test.com|      145500.0|       139500.0|         -6.0|
|Neeraj.Anandh@tes...|       99000.0|       102000.0|          3.0|
|Neeraj.Spencer@te...|      159000.0|       158500.0|         -0.5|
|Santosh.Smith@tes...|      109500.0|        81000.0|        -28.5|
|Sarah.Fibonnaci@t...|       73000.0|        77500.0|          4.5|
|Sean.Howard@test.com|      108500.0|        87500.0|        -21.0|
|Sean.Lincoln@test...|       95500.0|        99500.0|          4.0|
|Senthil.Fibonnaci...|      139500.0|       133500.0|         -6.0|
|Spencer.Lincoln@t...|       98500.0|        84500.0|        -14.0|
|Travis.Davis@test...|       89500.0|        79000.0|        -10.5|
+--------------------+--------------+---------------+-------------+

